// Jest Snapshot v1, https://goo.gl/fbAQLP

exports[`pages <Product /> Snapshot testing 1`] = `
<DocumentFragment>
  <header
    class="header"
  >
    <div
      class="container"
    >
      <div
        class="logo"
        role="button"
        tabindex="0"
      >
        <figure>
          <img
            alt="Mercado Livre - Onde comprar e vender de Tudo"
            src="logo.png"
            title="Mercado Livre - Onde comprar e vender de Tudo"
          />
        </figure>
      </div>
      <div
        class="container"
      >
        <input
          class="input input"
          placeholder="Buscar produtos..."
          type="text"
          value=""
        />
        <button
          type="button"
        >
          <img
            alt="Buscar"
            src="ic-search.png"
            title="Buscar"
          />
        </button>
      </div>
    </div>
  </header>
  <main>
    <div
      class="container"
    >
      <div
        class="container"
      />
      <div
        class="container product"
      >
        <section
          class="coverAndData"
        >
          <div
            class="cover"
          >
            <img
              alt=""
              src=""
              title=""
            />
          </div>
          <div
            class="data"
          >
            <div
              class="condition"
            >
              Nuevo - 0 vendidos
            </div>
            <div
              class="name"
            >
              <strong />
            </div>
            <div
              class="price"
            >
              <strong>
                <span
                  class="price large"
                >
                  <span
                    class="amount"
                  >
                    $ 0
                  </span>
                </span>
              </strong>
            </div>
            <button
              class="button"
              title="Comprar"
              type="button"
            >
              Comprar
            </button>
          </div>
        </section>
      </div>
    </div>
  </main>
</DocumentFragment>
`;
