// Jest Snapshot v1, https://goo.gl/fbAQLP

exports[`<Page /> Snapshot testing 1`] = `
<DocumentFragment>
  <header
    class="header"
  >
    <div
      class="container"
    >
      <figure>
        <img
          alt="Mercado Livre - Onde comprar e vender de Tudo"
          src="logo.png"
          title="Mercado Livre - Onde comprar e vender de Tudo"
        />
      </figure>
      <div
        class="container"
      >
        <input
          class="input"
          placeholder="Buscar produtos..."
          type="text"
        />
        <button>
          <img
            alt="Buscar"
            src="ic-search.png"
            title="Buscar"
          />
        </button>
      </div>
    </div>
  </header>
  <main>
    <h1>
      Busca
    </h1>
  </main>
</DocumentFragment>
`;
